// Jest Snapshot v1, https://goo.gl/fbAQLP

exports[`UserCard renders component and snaps 1`] = `
<div>
  <div
    class="css-ibdz6f"
  >
    <div
      class="css-0"
    >
      <h2
        class="chakra-text css-16ukv61"
        data-testid="header"
      >
        Oh No!
      </h2>
    </div>
    <p
      class="chakra-text css-10go69x"
      data-testid="errorMsg"
    >
      Sorry, an error has happened on our end! Please try refreshing the page. If the error persists please contact the
       
      <a
        class="chakra-link css-1wkcdqa"
        data-testid="errorLink"
        href="mailto:help@myusers.com"
        rel="noopener"
        target="_blank"
      >
        Help Center
      </a>
    </p>
  </div>
</div>
`;
